[muntazim.coderatory.com/index.html]
[backblue.gif]
[fade.gif]
[index.html]
[muntazim.coderatory.com/wp-includes/css/dist/block-library/style.min271b.css]
[muntazim.coderatory.com/wp-content/plugins/woocommerce/packages/woocommerce-blocks/build/wc-blocks-vendors-style5c45.css]
[muntazim.coderatory.com/wp-content/plugins/woocommerce/packages/woocommerce-blocks/build/wc-blocks-style5c45.css]
[muntazim.coderatory.com/feed/index.html]
[muntazim.coderatory.com/wp-content/plugins/contact-form-7/includes/css/styles5697.css]
[muntazim.coderatory.com/comments/feed/index.html]
[muntazim.coderatory.com/wp-content/plugins/woocommerce/assets/css/woocommerce-layoutaf8e.css]
[muntazim.coderatory.com/wp-content/plugins/woocommerce/assets/css/woocommerce-smallscreenaf8e.css]
[muntazim.coderatory.com/wp-content/plugins/woocommerce/assets/css/woocommerceaf8e.css]
[muntazim.coderatory.com/wp-content/themes/appilo/style271b.css]
[muntazim.coderatory.com/wp-content/themes/appilo/css/bootstrapdc24.css]
[muntazim.coderatory.com/wp-content/themes/appilo/css/plugins/appilo-icons-2/styledc24.css]
[muntazim.coderatory.com/wp-content/themes/appilo/css/plugins/flaticon1/flaticondc24.css]
[muntazim.coderatory.com/wp-content/themes/appilo/css/plugins/appilo-icons-3/css/flaticondc24.css]
[muntazim.coderatory.com/wp-content/themes/appilo/css/plugins/appilo-icons-4/css/flaticondc24.css]
[muntazim.coderatory.com/wp-content/themes/appilo/css/plugins/appilo-icons-3/css/elegenticondc24.css]
[muntazim.coderatory.com/wp-content/themes/appilo/css/plugins/fontawesome-5/css/fontawesome-all.mindc24.css]
[muntazim.coderatory.com/wp-content/themes/appilo/woocommerce/woocommercedc24.css]
[muntazim.coderatory.com/wp-content/themes/appilo/css/appilo-librarydc24.css]
[muntazim.coderatory.com/wp-content/themes/appilo/css/appilodc24.css]
[muntazim.coderatory.com/wp-content/themes/appilo/css/saas-classicdc24.css]
[muntazim.coderatory.com/wp-content/themes/appilo/css/app-showcasedc24.css]
[muntazim.coderatory.com/wp-content/themes/appilo/css/digital-agencydc24.css]
[muntazim.coderatory.com/wp-content/themes/appilo/css/gym-styledc24.css]
[muntazim.coderatory.com/wp-content/themes/appilo/css/apl2-styledc24.css]
[muntazim.coderatory.com/wp-content/themes/appilo/css/appilo-theme-styledc24.css]
[muntazim.coderatory.com/wp-content/themes/appilo/css/prysmdc24.css]
[muntazim.coderatory.com/wp-content/themes/appilo/css/itsource-styledc24.css]
[muntazim.coderatory.com/wp-content/themes/appilo/css/digital-marketingdc24.css]
[muntazim.coderatory.com/wp-content/themes/appilo/css/business-expertdc24.css]
[muntazim.coderatory.com/wp-content/plugins/woo-products-widgets-for-elementor/assets/css/woo-products-widgets8a54.css]
[muntazim.coderatory.com/wp-content/plugins/woocommerce/assets/fonts/WooCommerce.eot]
[muntazim.coderatory.com/wp-content/plugins/woocommerce/assets/fonts/WooCommerced41d.eot]
[muntazim.coderatory.com/wp-content/plugins/woocommerce/assets/fonts/WooCommerce.woff]
[muntazim.coderatory.com/wp-content/plugins/woocommerce/assets/fonts/WooCommerce.ttf]
[muntazim.coderatory.com/wp-content/plugins/woocommerce/assets/fonts/WooCommerce.svg]
[muntazim.coderatory.com/wp-content/plugins/recent-posts-widget-with-thumbnails/public03db.css]
[muntazim.coderatory.com/wp-content/uploads/titan-framework-wdc-options-css271b.css]
[muntazim.coderatory.com/wp-content/plugins/elementor/assets/lib/eicons/css/elementor-icons.min05c8.css]
[muntazim.coderatory.com/wp-content/plugins/elementor/assets/css/frontend-lite.min9d52.css]
[muntazim.coderatory.com/wp-content/uploads/elementor/css/post-62a07.css]
[muntazim.coderatory.com/wp-content/plugins/appilo-core/assets/css/elementor-editor271b.css]
[muntazim.coderatory.com/wp-content/plugins/elementor-pro/assets/css/frontend-lite.min9d52.css]
[muntazim.coderatory.com/wp-content/uploads/elementor/css/globala6de.css]
[muntazim.coderatory.com/wp-content/uploads/elementor/css/post-279ec8.css]
[muntazim.coderatory.com/wp-content/plugins/elementor/assets/lib/font-awesome/css/fontawesome.min52d5.css]
[muntazim.coderatory.com/wp-content/plugins/elementor/assets/lib/font-awesome/css/regular.min52d5.css]
[muntazim.coderatory.com/wp-content/plugins/appilo-core/assets/flaticon1/flaticon98a9.css]
[muntazim.coderatory.com/wp-content/plugins/elementor/assets/lib/font-awesome/css/brands.min52d5.css]
[muntazim.coderatory.com/wp-content/plugins/elementor/assets/lib/font-awesome/css/solid.min52d5.css]
[muntazim.coderatory.com/wp-includes/js/jquery/jquery.minaf6c.js]
[muntazim.coderatory.com/wp-includes/js/jquery/jquery-migrate.mind617.js]
[muntazim.coderatory.com/wp-json/index.html]
[muntazim.coderatory.com/wp-json/wp/v2/pages/27.json]
[muntazim.coderatory.com/xmlrpc0db0.php]
[muntazim.coderatory.com/wp-includes/wlwmanifest.xml]
[muntazim.coderatory.com/wp-json/oembed/1.0/embed85f5.json]
[muntazim.coderatory.com/wp-json/oembed/1.0/embed4f6b]
[muntazim.coderatory.com/wp-content/uploads/2021/12/footer-bg-1-1-26-1-1-2-1-1-2-1-1-1.png]
[muntazim.coderatory.com/wp-content/uploads/2021/12/cropped-rsz_nvlwhp-32x32.png]
[muntazim.coderatory.com/wp-content/uploads/2021/12/cropped-rsz_nvlwhp-192x192.png]
[muntazim.coderatory.com/wp-content/uploads/2021/12/cropped-rsz_nvlwhp-180x180.png]
[muntazim.coderatory.com/wp-content/fonts/poppins/pxiByp8kv8JHgFVrLGT9Z11lE92JQEl8qw.woff]
[muntazim.coderatory.com/wp-content/fonts/poppins/pxiByp8kv8JHgFVrLGT9Z1JlE92JQEl8qw.woff]
[muntazim.coderatory.com/wp-content/fonts/poppins/pxiByp8kv8JHgFVrLGT9Z1xlE92JQEk.woff]
[muntazim.coderatory.com/wp-content/uploads/2021/12/muntazim.png]
[muntazim.coderatory.com/wp-content/themes/appilo/img/logo-2.png]
[muntazim.coderatory.com/wp-content/uploads/2021/12/01.png]
[muntazim.coderatory.com/wp-content/plugins/elementor-pro/assets/css/widget-animated-headline.min.css]
[themexriver.com/appilo-theme/main/wp-content/uploads/sites/2/2019/12/fature-moc-1-13-1-1-3-1.png]
[muntazim.coderatory.com/wp-content/uploads/2021/12/Signup.png]
[muntazim.coderatory.com/wp-content/uploads/2021/12/Purpose.png]
[muntazim.coderatory.com/wp-content/uploads/2021/12/Purpose-–-Dropdown.png]
[muntazim.coderatory.com/wp-content/uploads/2021/12/mockup_545x465.png]
[themexriver.com/appilo-theme/main/wp-content/uploads/sites/2/2019/12/video-bg-1-13-1-1-3-1.jpg]
[themexriver.com/appilo-theme/main/wp-content/uploads/sites/2/2019/12/iphone-moc-1-13-1-1-3-1.png]
[muntazim.coderatory.com/wp-content/uploads/2021/12/Login.png]
[muntazim.coderatory.com/wp-content/uploads/2021/12/Side-Menu.png]
[muntazim.coderatory.com/wp-content/uploads/2021/12/Create-Event.png]
[muntazim.coderatory.com/wp-content/uploads/2021/12/Vendor-Lists.png]
[muntazim.coderatory.com/wp-content/uploads/2021/12/Vendor-Detail.png]
[muntazim.coderatory.com/wp-content/uploads/2021/12/Choose-Payment-Method.png]
[muntazim.coderatory.com/wp-content/uploads/2021/12/Order-Placed.png]
[muntazim.coderatory.com/wp-content/uploads/2021/12/Date-Time.png]
[muntazim.coderatory.com/wp-content/uploads/2021/12/Items-Drawer.png]
[muntazim.coderatory.com/wp-content/uploads/2021/12/colleagues-preparing-corporate-party-time-management-deadline-brand-event-event-brand-management-sponsored-event-organization-concept_335657-120-e16396800]
[muntazim.coderatory.com/wp-includes/js/dist/vendor/regenerator-runtime.min3937.js]
[muntazim.coderatory.com/wp-content/uploads/2021/12/festive-calendar-event-holiday-celebration-party-work-schedule-planning-project-management-deadline-idea-office-managers-excited-colleagues_335657-3542-e1]
[muntazim.coderatory.com/wp-content/uploads/2021/12/festive-calendar-event-holiday-celebration-party-work-schedule-planning-project-management-deadline-idea-office-managers-excited-colleagues_335657-20-e163]
[muntazim.coderatory.com/wp-includes/js/dist/vendor/wp-polyfill.min2c7c.js]
[muntazim.coderatory.com/wp-content/uploads/2021/12/colleagues-working-together-workflow-organization-effective-task-planning-deadline-calendar-effective-teamwork-productivity-management_335657-3468-e163968]
[muntazim.coderatory.com/wp-content/plugins/contact-form-7/includes/js/index5697.js]
[muntazim.coderatory.com/wp-content/uploads/2021/12/evenement-entreprise-fete-pour-employes-partenaires-commerciaux-gens-dansent-boivent-s-amusent-gestion-evenements-divertissement-celebration_335657-765-e1]
[muntazim.coderatory.com/wp-content/plugins/woocommerce/assets/js/jquery-blockui/jquery.blockUI.min8811.js]
[muntazim.coderatory.com/wp-content/plugins/woocommerce/assets/js/frontend/add-to-cart.minaf8e.js]
[muntazim.coderatory.com/wp-content/plugins/woocommerce/assets/js/js-cookie/js.cookie.mineff6.js]
[muntazim.coderatory.com/wp-content/plugins/woocommerce/assets/js/frontend/woocommerce.minaf8e.js]
[muntazim.coderatory.com/wp-content/plugins/woocommerce/assets/js/frontend/cart-fragments.minaf8e.js]
[muntazim.coderatory.com/wp-content/themes/appilo/js/bootstrap.mindc24.js]
[muntazim.coderatory.com/wp-content/themes/appilo/woocommerce/woocommercedc24.js]
[muntazim.coderatory.com/wp-content/themes/appilo/js/appilo-theme-custom.mindc24.js]
[muntazim.coderatory.com/wp-content/themes/appilo/js/gymdc24.js]
[muntazim.coderatory.com/wp-content/themes/appilo/js/appilo-js-plugindc24.js]
[muntazim.coderatory.com/wp-content/themes/appilo/js/app-landing-2dc24.js]
[muntazim.coderatory.com/wp-content/themes/appilo/js/prysmdc24.js]
[muntazim.coderatory.com/wp-content/themes/appilo/js/itsourcedc24.js]
[muntazim.coderatory.com/wp-content/themes/appilo/js/digital-marketingdc24.js]
[muntazim.coderatory.com/wp-content/themes/appilo/js/business-expertdc24.js]
[muntazim.coderatory.com/wp-content/plugins/elementor-pro/assets/js/webpack-pro.runtime.min9d52.js]
[muntazim.coderatory.com/wp-content/plugins/elementor/assets/js/webpack.runtime.min9d52.js]
[muntazim.coderatory.com/wp-content/plugins/elementor/assets/js/frontend-modules.min9d52.js]
[muntazim.coderatory.com/wp-content/plugins/elementor-pro/assets/js/frontend.min9d52.js]
[muntazim.coderatory.com/wp-content/plugins/elementor/assets/lib/waypoints/waypoints.min05da.js]
[muntazim.coderatory.com/wp-includes/js/jquery/ui/core.min1dd9.js]
[muntazim.coderatory.com/wp-content/plugins/elementor/assets/js/frontend.min9d52.js]
[muntazim.coderatory.com/wp-content/plugins/elementor-pro/assets/js/elements-handlers.min9d52.js]
[muntazim.coderatory.com/wp-content/plugins/woo-products-widgets-for-elementor/assets/js/woo-products-widgets8a54.js]
[muntazim.coderatory.com/index.html]
[muntazim.coderatory.com/wp-includes/css/dist/block-library/style.min271b.css]
[muntazim.coderatory.com/wp-content/plugins/woocommerce/packages/woocommerce-blocks/build/wc-blocks-vendors-style5c45.css]
[muntazim.coderatory.com/wp-content/plugins/woocommerce/packages/woocommerce-blocks/build/wc-blocks-style5c45.css]
[muntazim.coderatory.com/wp-content/plugins/appilo-core/assets/css/style271b.css]
[muntazim.coderatory.com/wp-content/plugins/contact-form-7/includes/css/styles5697.css]
[muntazim.coderatory.com/wp-content/plugins/woocommerce/assets/css/woocommerce-layoutaf8e.css]
[muntazim.coderatory.com/wp-content/plugins/woocommerce/assets/css/woocommerce-smallscreenaf8e.css]
[muntazim.coderatory.com/wp-content/plugins/appilo-core/assets/js/elementor-editor271b.js]
[muntazim.coderatory.com/wp-content/plugins/woocommerce/assets/fonts/star.eot]
[muntazim.coderatory.com/wp-content/plugins/woocommerce/assets/fonts/stard41d.eot]
[muntazim.coderatory.com/wp-content/plugins/woocommerce/assets/fonts/star.woff]
[muntazim.coderatory.com/wp-content/plugins/woocommerce/assets/fonts/star.ttf]
[muntazim.coderatory.com/wp-content/plugins/woocommerce/assets/fonts/star.svg]
[muntazim.coderatory.com/wp-content/plugins/woocommerce/assets/images/icons/credit-cards/visa.svg]
[muntazim.coderatory.com/wp-content/plugins/woocommerce/assets/images/icons/credit-cards/mastercard.svg]
[muntazim.coderatory.com/wp-content/plugins/woocommerce/assets/images/icons/credit-cards/laser.svg]
[muntazim.coderatory.com/wp-content/plugins/woocommerce/assets/images/icons/credit-cards/diners.svg]
[muntazim.coderatory.com/wp-content/plugins/woocommerce/assets/images/icons/credit-cards/maestro.svg]
[muntazim.coderatory.com/wp-content/plugins/woocommerce/assets/images/icons/credit-cards/jcb.svg]
[muntazim.coderatory.com/wp-content/plugins/woocommerce/assets/images/icons/credit-cards/amex.svg]
[muntazim.coderatory.com/wp-content/plugins/woocommerce/assets/css/woocommerceaf8e.css]
[muntazim.coderatory.com/wp-content/plugins/woocommerce/assets/images/icons/credit-cards/discover.svg]
[muntazim.coderatory.com/wp-content/themes/appilo/style271b.css]
[muntazim.coderatory.com/wp-content/themes/appilo/css/bootstrapdc24.css]
[muntazim.coderatory.com/wp-content/themes/appilo/css/plugins/appilo-icons-2/fonts/appilob18c.eot]
[muntazim.coderatory.com/wp-content/themes/appilo/css/plugins/appilo-icons-2/fonts/appilob18c.ttf]
[muntazim.coderatory.com/wp-content/themes/appilo/css/plugins/appilo-icons-2/fonts/appilob18c.woff]
[muntazim.coderatory.com/wp-content/themes/appilo/css/plugins/appilo-icons-2/styledc24.css]
[muntazim.coderatory.com/wp-content/themes/appilo/css/plugins/appilo-icons-2/fonts/appilob18c.svg]
[muntazim.coderatory.com/wp-content/themes/appilo/css/plugins/flaticon1/Flaticon.eot]
[muntazim.coderatory.com/wp-content/themes/appilo/css/plugins/flaticon1/Flaticond41d.eot]
[muntazim.coderatory.com/wp-content/themes/appilo/css/plugins/flaticon1/Flaticon.woff2]
[muntazim.coderatory.com/wp-content/themes/appilo/css/plugins/flaticon1/Flaticon.woff]
[muntazim.coderatory.com/wp-content/themes/appilo/css/plugins/flaticon1/Flaticon.ttf]
[muntazim.coderatory.com/wp-content/themes/appilo/css/plugins/flaticon1/flaticondc24.css]
[muntazim.coderatory.com/wp-content/themes/appilo/css/plugins/flaticon1/Flaticon.svg]
[muntazim.coderatory.com/wp-content/themes/appilo/css/plugins/appilo-icons-3/fonts/flaticon.eot]
[muntazim.coderatory.com/wp-content/themes/appilo/css/plugins/appilo-icons-3/fonts/flaticon.woff]
[muntazim.coderatory.com/wp-content/themes/appilo/css/plugins/appilo-icons-3/fonts/flaticond41d.eot]
[muntazim.coderatory.com/wp-content/themes/appilo/css/plugins/appilo-icons-3/css/flaticondc24.css]
[muntazim.coderatory.com/wp-content/themes/appilo/css/plugins/appilo-icons-3/fonts/flaticon.ttf]
[muntazim.coderatory.com/wp-content/themes/appilo/css/plugins/appilo-icons-4/fonts/Flaticon.eot]
[muntazim.coderatory.com/wp-content/themes/appilo/css/plugins/appilo-icons-4/fonts/Flaticond41d.eot]
[muntazim.coderatory.com/wp-content/themes/appilo/css/plugins/appilo-icons-3/fonts/flaticon.svg]
[muntazim.coderatory.com/wp-content/themes/appilo/css/plugins/appilo-icons-4/fonts/Flaticon.woff2]
[muntazim.coderatory.com/wp-content/themes/appilo/css/plugins/appilo-icons-4/fonts/Flaticon.woff]
[muntazim.coderatory.com/wp-content/themes/appilo/css/plugins/appilo-icons-4/fonts/Flaticon.ttf]
[muntazim.coderatory.com/wp-content/themes/appilo/css/plugins/appilo-icons-4/css/flaticondc24.css]
[muntazim.coderatory.com/wp-content/themes/appilo/css/plugins/appilo-icons-3/fonts/ElegantIcons.eot]
[muntazim.coderatory.com/wp-content/themes/appilo/css/plugins/appilo-icons-4/fonts/Flaticon.svg]
[muntazim.coderatory.com/wp-content/themes/appilo/css/plugins/appilo-icons-3/fonts/ElegantIconsd41d.eot]
[muntazim.coderatory.com/wp-content/themes/appilo/css/plugins/appilo-icons-3/fonts/ElegantIcons.woff]
[muntazim.coderatory.com/wp-content/themes/appilo/css/plugins/appilo-icons-3/css/elegenticondc24.css]
[muntazim.coderatory.com/wp-content/themes/appilo/css/plugins/appilo-icons-3/fonts/ElegantIcons.ttf]
[muntazim.coderatory.com/wp-content/themes/appilo/css/plugins/appilo-icons-3/fonts/ElegantIcons.svg]
[muntazim.coderatory.com/wp-content/themes/appilo/css/plugins/fontawesome-5/webfonts/fa-brands-400.woff2]
[muntazim.coderatory.com/wp-content/themes/appilo/css/plugins/fontawesome-5/webfonts/fa-brands-400.eot]
[muntazim.coderatory.com/wp-content/themes/appilo/css/plugins/fontawesome-5/webfonts/fa-brands-400d41d.eot]
[muntazim.coderatory.com/wp-content/themes/appilo/css/plugins/fontawesome-5/webfonts/fa-brands-400.woff]
[muntazim.coderatory.com/wp-content/themes/appilo/css/plugins/fontawesome-5/webfonts/fa-regular-400.eot]
[muntazim.coderatory.com/wp-content/themes/appilo/css/plugins/fontawesome-5/webfonts/fa-brands-400.ttf]
[muntazim.coderatory.com/wp-content/themes/appilo/css/plugins/fontawesome-5/webfonts/fa-regular-400d41d.eot]
[muntazim.coderatory.com/wp-content/themes/appilo/css/plugins/fontawesome-5/webfonts/fa-regular-400.woff2]
[muntazim.coderatory.com/wp-content/themes/appilo/css/plugins/fontawesome-5/webfonts/fa-regular-400.woff]
[muntazim.coderatory.com/wp-content/themes/appilo/css/plugins/fontawesome-5/webfonts/fa-regular-400.ttf]
[muntazim.coderatory.com/wp-content/themes/appilo/css/plugins/fontawesome-5/webfonts/fa-brands-400.svg]
[muntazim.coderatory.com/wp-content/themes/appilo/css/plugins/fontawesome-5/webfonts/fa-regular-400.svg]
[muntazim.coderatory.com/wp-content/themes/appilo/css/plugins/fontawesome-5/webfonts/fa-solid-900.eot]
[muntazim.coderatory.com/wp-content/themes/appilo/css/plugins/fontawesome-5/webfonts/fa-solid-900.woff2]
[muntazim.coderatory.com/wp-content/themes/appilo/css/plugins/fontawesome-5/webfonts/fa-solid-900.woff]
[muntazim.coderatory.com/wp-content/themes/appilo/css/plugins/fontawesome-5/css/fontawesome-all.mindc24.css]
[muntazim.coderatory.com/wp-content/themes/appilo/css/plugins/fontawesome-5/webfonts/fa-solid-900d41d.eot]
[muntazim.coderatory.com/wp-content/themes/appilo/css/plugins/fontawesome-5/webfonts/fa-solid-900.ttf]
[muntazim.coderatory.com/wp-content/themes/appilo/css/plugins/fontawesome-5/webfonts/fa-solid-900.svg]
[muntazim.coderatory.com/wp-content/themes/appilo/css/owl.video.play.png]
[muntazim.coderatory.com/wp-content/themes/appilo/css/images/bx_loader.gif]
[muntazim.coderatory.com/wp-content/themes/appilo/css/images/controls.png]
[muntazim.coderatory.com/wp-content/themes/appilo/css/mCSB_buttons.html]
[muntazim.coderatory.com/wp-content/themes/appilo/fonts/slick.eot]
[muntazim.coderatory.com/wp-content/themes/appilo/fonts/slickd41d.eot]
[muntazim.coderatory.com/wp-content/themes/appilo/fonts/slick.woff]
[muntazim.coderatory.com/wp-content/themes/appilo/fonts/slick.ttf]
[muntazim.coderatory.com/wp-content/themes/appilo/fonts/slick.svg]
[muntazim.coderatory.com/wp-content/themes/appilo/css/appilo-librarydc24.css]
[muntazim.coderatory.com/wp-content/themes/appilo/woocommerce/woocommercedc24.css]
[muntazim.coderatory.com/wp-content/themes/appilo/img/slider-bg.jpg]
[muntazim.coderatory.com/wp-content/themes/appilo/img/video-bg.jpg]
[muntazim.coderatory.com/wp-content/themes/appilo/img/footer-bg.png]
[muntazim.coderatory.com/wp-content/themes/appilo/img/inner-banner-bg.jpg]
[muntazim.coderatory.com/wp-content/themes/appilo/img/iphone-moc.png]
[muntazim.coderatory.com/wp-content/themes/appilo/img/gradient-sep.png]
[muntazim.coderatory.com/wp-content/themes/appilo/img/fature-moc.png]
[muntazim.coderatory.com/wp-content/themes/appilo/css/appilodc24.css]
[muntazim.coderatory.com/wp-content/themes/appilo/img/topapp/icons/pattern-1.png]
[muntazim.coderatory.com/wp-content/themes/appilo/img/topapp/icons/pattern-2.png]
[muntazim.coderatory.com/wp-content/themes/appilo/img/topapp/icons/pattern-3.png]
[muntazim.coderatory.com/wp-content/themes/appilo/img/topapp/icons/pattern-4.png]
[muntazim.coderatory.com/wp-content/themes/appilo/img/topapp/icons/pattern-13.png]
[muntazim.coderatory.com/wp-content/themes/appilo/img/topapp/icons/pattern-14.png]
[muntazim.coderatory.com/wp-content/themes/appilo/img/topapp/icons/pattern-15.png]
[muntazim.coderatory.com/wp-content/themes/appilo/img/topapp/icons/pattern-16.png]
[muntazim.coderatory.com/wp-content/themes/appilo/img/topapp/icons/preloader.svg]
[muntazim.coderatory.com/wp-content/themes/appilo/img/topapp/icons/pattern-5.png]
[muntazim.coderatory.com/wp-content/themes/appilo/img/topapp/icons/pattern-6.png]
[muntazim.coderatory.com/wp-content/themes/appilo/img/topapp/icons/pattern-7.png]
[muntazim.coderatory.com/wp-content/themes/appilo/img/topapp/icons/pattern-8.png]
[muntazim.coderatory.com/wp-content/themes/appilo/img/topapp/icons/pattern-9.png]
[muntazim.coderatory.com/wp-content/themes/appilo/img/topapp/icons/pattern-10.png]
[muntazim.coderatory.com/wp-content/themes/appilo/img/topapp/icons/pattern-11.png]
[muntazim.coderatory.com/wp-content/themes/appilo/img/topapp/icons/pattern-12.png]
[muntazim.coderatory.com/wp-content/themes/appilo/img/topapp/resource/mobile-1.png]
[muntazim.coderatory.com/wp-content/themes/appilo/img/topapp/background/team-bg-1.png]
[muntazim.coderatory.com/wp-content/themes/appilo/img/topapp/resource/mobile-speaker.png]
[muntazim.coderatory.com/wp-content/themes/appilo/img/topapp/background/pattern-1.png]
[muntazim.coderatory.com/wp-content/themes/appilo/img/topapp/background/pattern-9.png]
[muntazim.coderatory.com/wp-content/themes/appilo/img/topapp/icons/g-icon.png]
[muntazim.coderatory.com/wp-content/themes/appilo/img/galaxy/select-icon.png]
[muntazim.coderatory.com/wp-content/themes/appilo/img/galaxy/page-title/img-1.jpg]
[muntazim.coderatory.com/wp-content/themes/appilo/img/galaxy/app-landing/team/shadow.png]
[muntazim.coderatory.com/wp-content/themes/appilo/img/galaxy/agency/hero-pattern.png]
[muntazim.coderatory.com/wp-content/themes/appilo/img/galaxy/product-landing/footer-bg.jpg]
[muntazim.coderatory.com/wp-content/themes/appilo/img/galaxy/app-landing/fun-fact-mob-shadow.png]
[muntazim.coderatory.com/wp-content/themes/appilo/img/galaxy/app-landing/screenshot-slider/iphone-right-part.png]
[muntazim.coderatory.com/wp-content/themes/appilo/img/galaxy/app-landing/screenshot-slider/iphone-bottom-part.png]
[muntazim.coderatory.com/wp-content/themes/appilo/img/galaxy/map.jpg]
[muntazim.coderatory.com/wp-content/themes/appilo/img/saas/pre.svg]
[muntazim.coderatory.com/wp-content/themes/appilo/img/saas/partner/pbg.png]
[muntazim.coderatory.com/wp-content/themes/appilo/img/saas/testimonial/tshape1.png]
[muntazim.coderatory.com/wp-content/themes/appilo/img/saas/testimonial/in-bg.png]
[muntazim.coderatory.com/wp-content/themes/appilo/img/appilo-seo/pre.svg]
[muntazim.coderatory.com/wp-content/themes/appilo/img/appilo-seo/shape/ts1.png]
[muntazim.coderatory.com/wp-content/themes/appilo/img/appilo-seo/cl.png]
[muntazim.coderatory.com/wp-content/themes/appilo/img/appilo-seo/shape/sericon2.png]
[muntazim.coderatory.com/wp-content/themes/appilo/img/appilo-seo/shape/sericon1.png]
[muntazim.coderatory.com/wp-content/themes/appilo/img/appilo-seo/shape/s-shape1.png]
[muntazim.coderatory.com/wp-content/themes/appilo/img/appilo-seo/shape/abbg.png]
[muntazim.coderatory.com/wp-content/themes/appilo/img/appilo-seo/shape/r-shape.png]
[muntazim.coderatory.com/wp-content/themes/appilo/img/appilo-seo/shape/rg-shape1.png]
[muntazim.coderatory.com/wp-content/themes/appilo/img/appilo-seo/shape/ms1.png]
[muntazim.coderatory.com/wp-content/themes/appilo/img/appilo-seo/shape/ms2.png]
[muntazim.coderatory.com/wp-content/themes/appilo/img/appilo-seo/shape/ms3.png]
[muntazim.coderatory.com/wp-content/themes/appilo/img/appilo-seo/shape/pr-shape.png]
[muntazim.coderatory.com/wp-content/themes/appilo/img/appilo-seo/shape/prs.png]
[muntazim.coderatory.com/wp-content/themes/appilo/img/appilo-seo/banner/ctabg.jpg]
[muntazim.coderatory.com/wp-content/themes/appilo/img/app-startup/pre.svg]
[muntazim.coderatory.com/wp-content/themes/appilo/img/app-startup/shape/fs1.png]
[muntazim.coderatory.com/wp-content/themes/appilo/img/app-startup/shape/fs2.png]
[muntazim.coderatory.com/wp-content/themes/appilo/img/app-startup/shape/rv1.png]
[muntazim.coderatory.com/wp-content/themes/appilo/img/app-startup/shape/rv2.png]
[muntazim.coderatory.com/wp-content/themes/appilo/img/app-startup/testimonial/in-bg.png]
[muntazim.coderatory.com/wp-content/themes/appilo/img/appilo-landing/pre.svg]
[muntazim.coderatory.com/wp-content/themes/appilo/img/appilo-landing/banner2.jpg]
[muntazim.coderatory.com/wp-content/themes/appilo/img/appilo-landing/ebg.png]
[muntazim.coderatory.com/wp-content/themes/appilo/images/logo-m.png]
[muntazim.coderatory.com/wp-content/themes/appilo/img/cloud-hosting/pre.svg]
[muntazim.coderatory.com/wp-content/themes/appilo/img/cloud-hosting/sub/share-host-bg.jpg]
[muntazim.coderatory.com/wp-content/themes/appilo/img/cloud-hosting/logo-bg.jpg]
[muntazim.coderatory.com/wp-content/themes/appilo/img/cloud-hosting/join-bg.png]
[muntazim.coderatory.com/wp-content/themes/appilo/img/cloud-hosting/domain-bg.jpg]
[muntazim.coderatory.com/wp-content/themes/appilo/img/cloud-hosting/domain/domain-side.jpg]
[muntazim.coderatory.com/wp-content/themes/appilo/img/cloud-hosting/searching-bg.jpg]
[muntazim.coderatory.com/wp-content/themes/appilo/img/cloud-hosting/video-bg.jpg]
[muntazim.coderatory.com/wp-content/themes/appilo/img/cloud-hosting/counter-bg.jpg]
[muntazim.coderatory.com/wp-content/themes/appilo/img/cloud-hosting/icon-bg.jpg]
[muntazim.coderatory.com/wp-content/themes/appilo/img/cloud-hosting/review/review-bg.jpg]
[muntazim.coderatory.com/wp-content/themes/appilo/img/cloud-hosting/review/quote.png]
[muntazim.coderatory.com/wp-content/themes/appilo/img/cloud-hosting/faq-bg.jpg]
[muntazim.coderatory.com/wp-content/themes/appilo/img/cloud-hosting/subscribe/subscribe-bg.jpg]
[muntazim.coderatory.com/wp-content/themes/appilo/img/cloud-hosting/subscribe/cloud-1.png]
[muntazim.coderatory.com/wp-content/themes/appilo/img/cloud-hosting/subscribe/cloud-2.png]
[muntazim.coderatory.com/wp-content/themes/appilo/img/cloud-hosting/account-bg.jpg]
[muntazim.coderatory.com/wp-content/themes/appilo/img/cloud-hosting/space-bg.jpg]
[muntazim.coderatory.com/wp-content/themes/appilo/img/cloud-hosting/c-video-bg.jpg]
[muntazim.coderatory.com/wp-content/themes/appilo/img/hrm/pre.svg]
[muntazim.coderatory.com/wp-content/themes/appilo/img/hrm/shape/dot-s.png]
[muntazim.coderatory.com/wp-content/themes/appilo/img/crm/pre.svg]
[muntazim.coderatory.com/wp-content/themes/appilo/img/pre.svg]
[muntazim.coderatory.com/wp-content/themes/appilo/img/software/pre.svg]
[muntazim.coderatory.com/wp-content/themes/appilo/img/software/screen/np1.png]
[muntazim.coderatory.com/wp-content/themes/appilo/img/cl.png]
[muntazim.coderatory.com/wp-content/themes/appilo/img/f-bg.png]
[muntazim.coderatory.com/wp-content/themes/appilo/images/icons/app-osaas-preloader.svg]
[muntazim.coderatory.com/wp-content/themes/appilo/img/combine/waves-shape.png]
[muntazim.coderatory.com/wp-content/themes/appilo/img/combine/feature-icon.png]
[muntazim.coderatory.com/wp-content/themes/appilo/img/combine/line-1.png]
[muntazim.coderatory.com/wp-content/themes/appilo/img/combine/circle-layer.png]
[muntazim.coderatory.com/wp-content/themes/appilo/images/background/pattern-5.png]
[muntazim.coderatory.com/wp-content/themes/appilo/css/appilo-theme-styledc24.css]
[muntazim.coderatory.com/wp-content/themes/appilo/img/saas-classic/pre.svg]
[muntazim.coderatory.com/wp-content/themes/appilo/img/saas-classic/banner/b-shape1.png]
[muntazim.coderatory.com/wp-content/themes/appilo/img/saas-classic/banner/abshape.png]
[muntazim.coderatory.com/wp-content/themes/appilo/img/saas-classic/banner/fobg.png]
[muntazim.coderatory.com/wp-content/themes/appilo/css/saas-classicdc24.css]
[muntazim.coderatory.com/wp-content/themes/appilo/fonts/CircularStd-Black.woff2]
[muntazim.coderatory.com/wp-content/themes/appilo/css/Circula-Medium.woff2]
[muntazim.coderatory.com/wp-content/themes/appilo/css/Circula-Medium.woff]
[muntazim.coderatory.com/wp-content/themes/appilo/fonts/Circular Std Medium.woff2]
[muntazim.coderatory.com/wp-content/themes/appilo/fonts/Circular Std Medium.woff]
[muntazim.coderatory.com/wp-content/themes/appilo/fonts/CircularStd-Book.woff2]
[muntazim.coderatory.com/wp-content/themes/appilo/fonts/CircularStd-Book.woff]
[muntazim.coderatory.com/wp-content/themes/appilo/img/app-showcase/pre.svg]
[muntazim.coderatory.com/wp-content/themes/appilo/img/app-showcase/shape/bl-shape.png]
[muntazim.coderatory.com/wp-content/themes/appilo/img/app-showcase/shape/s-shape2.png]
[muntazim.coderatory.com/wp-content/themes/appilo/img/app-showcase/shape/s-shape1.png]
[muntazim.coderatory.com/wp-content/themes/appilo/img/app-showcase/screenshoot/mobile-1.png]
[muntazim.coderatory.com/wp-content/themes/appilo/img/app-showcase/team/t-shape2.png]
[muntazim.coderatory.com/wp-content/themes/appilo/img/app-showcase/team/t-shape1.png]
[muntazim.coderatory.com/wp-content/themes/appilo/css/app-showcasedc24.css]
[muntazim.coderatory.com/wp-content/themes/appilo/css/digital-agencydc24.css]
[muntazim.coderatory.com/wp-content/themes/appilo/img/digital-agency/pre.svg]
[muntazim.coderatory.com/wp-content/themes/appilo/img/combine/price1.png]
[muntazim.coderatory.com/wp-content/themes/appilo/css/gym-styledc24.css]
[muntazim.coderatory.com/wp-content/themes/appilo/css/apl2-styledc24.css]
[muntazim.coderatory.com/wp-content/themes/appilo/css/prysmdc24.css]
[muntazim.coderatory.com/wp-content/themes/appilo/css/itsource-styledc24.css]
[muntazim.coderatory.com/wp-content/themes/appilo/css/digital-marketingdc24.css]
[muntazim.coderatory.com/wp-content/themes/appilo/images/arrow.png]
[themexriver.com/appilo-theme/digital-marketing/wp-content/uploads/sites/51/2021/10/icon-bg.png]
[muntazim.coderatory.com/wp-content/themes/appilo/css/business-expertdc24.css]
[muntazim.coderatory.com/wp-content/plugins/woo-products-widgets-for-elementor/assets/css/woo-products-widgets8a54.css]
[muntazim.coderatory.com/wp-content/plugins/woocommerce/assets/fonts/WooCommerce.svg]
[muntazim.coderatory.com/wp-content/plugins/recent-posts-widget-with-thumbnails/public03db.css]
[muntazim.coderatory.com/wp-content/uploads/titan-framework-wdc-options-css271b.css]
[muntazim.coderatory.com/wp-content/plugins/elementor/assets/lib/eicons/fonts/eiconsc387.woff2]
[muntazim.coderatory.com/wp-content/plugins/elementor/assets/lib/eicons/fonts/eiconsc387.eot]
[muntazim.coderatory.com/wp-content/plugins/elementor/assets/lib/eicons/fonts/eiconsc387.woff]
[muntazim.coderatory.com/wp-content/plugins/elementor/assets/lib/eicons/fonts/eiconsc387.ttf]
[muntazim.coderatory.com/wp-content/plugins/elementor/assets/lib/eicons/css/elementor-icons.min05c8.css]
[muntazim.coderatory.com/wp-content/plugins/elementor/assets/css/frontend-lite.min9d52.css]
[muntazim.coderatory.com/wp-content/uploads/elementor/css/post-62a07.css]
[muntazim.coderatory.com/wp-content/plugins/appilo-core/assets/css/elementor-editor271b.css]
[muntazim.coderatory.com/wp-content/plugins/elementor-pro/assets/css/frontend-lite.min9d52.css]
[muntazim.coderatory.com/wp-content/uploads/elementor/css/globala6de.css]
[muntazim.coderatory.com/wp-content/uploads/elementor/css/post-279ec8.css]
[muntazim.coderatory.com/wp-content/plugins/elementor/assets/lib/font-awesome/css/fontawesome.min52d5.css]
[muntazim.coderatory.com/wp-content/plugins/elementor/assets/lib/eicons/fonts/eiconsc387.svg]
[muntazim.coderatory.com/wp-content/plugins/elementor/assets/lib/font-awesome/webfonts/fa-regular-400.eot]
[muntazim.coderatory.com/wp-content/plugins/elementor/assets/lib/font-awesome/webfonts/fa-regular-400d41d.eot]
[muntazim.coderatory.com/wp-content/plugins/elementor/assets/lib/font-awesome/webfonts/fa-regular-400.woff2]
[muntazim.coderatory.com/wp-content/plugins/elementor/assets/lib/font-awesome/webfonts/fa-regular-400.woff]
[muntazim.coderatory.com/wp-content/plugins/elementor/assets/lib/font-awesome/webfonts/fa-regular-400.ttf]
[muntazim.coderatory.com/wp-content/plugins/elementor/assets/lib/font-awesome/css/regular.min52d5.css]
[muntazim.coderatory.com/wp-content/plugins/appilo-core/assets/flaticon1/Flaticon.eot]
[muntazim.coderatory.com/wp-content/plugins/elementor/assets/lib/font-awesome/webfonts/fa-regular-400.svg]
[muntazim.coderatory.com/wp-content/plugins/appilo-core/assets/flaticon1/Flaticond41d.eot]
[muntazim.coderatory.com/wp-content/plugins/appilo-core/assets/flaticon1/Flaticon.woff2]
[muntazim.coderatory.com/wp-content/plugins/appilo-core/assets/flaticon1/Flaticon.woff]
[muntazim.coderatory.com/wp-content/plugins/appilo-core/assets/flaticon1/Flaticon.ttf]
[muntazim.coderatory.com/wp-content/plugins/appilo-core/assets/flaticon1/flaticon98a9.css]
[muntazim.coderatory.com/wp-content/plugins/appilo-core/assets/flaticon1/Flaticon.svg]
[muntazim.coderatory.com/wp-content/plugins/elementor/assets/lib/font-awesome/webfonts/fa-brands-400.woff2]
[muntazim.coderatory.com/wp-content/plugins/elementor/assets/lib/font-awesome/webfonts/fa-brands-400d41d.eot]
[muntazim.coderatory.com/wp-content/plugins/elementor/assets/lib/font-awesome/webfonts/fa-brands-400.eot]
[muntazim.coderatory.com/wp-content/plugins/elementor/assets/lib/font-awesome/webfonts/fa-brands-400.woff]
[muntazim.coderatory.com/wp-content/plugins/elementor/assets/lib/font-awesome/css/brands.min52d5.css]
[muntazim.coderatory.com/wp-content/plugins/elementor/assets/lib/font-awesome/webfonts/fa-brands-400.ttf]
[muntazim.coderatory.com/wp-content/plugins/elementor/assets/lib/font-awesome/webfonts/fa-brands-400.svg]
[muntazim.coderatory.com/wp-content/plugins/elementor/assets/lib/font-awesome/webfonts/fa-solid-900.eot]
[muntazim.coderatory.com/wp-content/plugins/elementor/assets/lib/font-awesome/webfonts/fa-solid-900.woff2]
[muntazim.coderatory.com/wp-content/plugins/elementor/assets/lib/font-awesome/webfonts/fa-solid-900d41d.eot]
[muntazim.coderatory.com/wp-content/plugins/elementor/assets/lib/font-awesome/css/solid.min52d5.css]
[muntazim.coderatory.com/wp-content/plugins/elementor-pro/assets/css/widget-animated-headline.min.css]
[muntazim.coderatory.com/wp-content/plugins/appilo-core/assets/js/main98a9.js]
[muntazim.coderatory.com/wp-content/plugins/woocommerce/assets/fonts/star.svg]
[muntazim.coderatory.com/wp-content/plugins/woocommerce/assets/images/icons/loader.svg]
[muntazim.coderatory.com/wp-content/plugins/woocommerce/assets/images/icons/credit-cards/visa.svg]
[muntazim.coderatory.com/wp-content/plugins/woocommerce/assets/images/icons/credit-cards/mastercard.svg]
[muntazim.coderatory.com/wp-content/plugins/woocommerce/assets/images/icons/credit-cards/laser.svg]
[muntazim.coderatory.com/wp-content/plugins/woocommerce/assets/images/icons/credit-cards/diners.svg]
[muntazim.coderatory.com/wp-content/plugins/woocommerce/assets/images/icons/credit-cards/maestro.svg]
[muntazim.coderatory.com/wp-content/plugins/woocommerce/assets/images/icons/credit-cards/jcb.svg]
[muntazim.coderatory.com/wp-content/plugins/woocommerce/assets/images/icons/credit-cards/amex.svg]
[muntazim.coderatory.com/wp-content/plugins/woocommerce/assets/images/icons/credit-cards/discover.svg]
[muntazim.coderatory.com/wp-content/themes/appilo/css/plugins/appilo-icons-2/fonts/appilob18c.svg]
[muntazim.coderatory.com/wp-content/themes/appilo/css/plugins/flaticon1/Flaticon.svg]
[muntazim.coderatory.com/wp-content/plugins/elementor/assets/lib/font-awesome/webfonts/fa-solid-900.ttf]
[muntazim.coderatory.com/wp-content/themes/appilo/css/plugins/appilo-icons-3/fonts/flaticon.svg]
[muntazim.coderatory.com/wp-content/themes/appilo/css/plugins/appilo-icons-4/fonts/Flaticon.svg]
[muntazim.coderatory.com/wp-content/themes/appilo/css/plugins/appilo-icons-3/fonts/ElegantIcons.svg]
[muntazim.coderatory.com/wp-content/themes/appilo/css/plugins/fontawesome-5/webfonts/fa-brands-400.svg]
[muntazim.coderatory.com/wp-content/themes/appilo/css/plugins/fontawesome-5/webfonts/fa-regular-400.svg]
[muntazim.coderatory.com/wp-content/uploads/2021/12/Dasboard.png]
[muntazim.coderatory.com/wp-content/themes/appilo/css/plugins/fontawesome-5/webfonts/fa-solid-900.svg]
[muntazim.coderatory.com/wp-content/themes/appilo/css/owl.video.play.html]
[muntazim.coderatory.com/wp-content/themes/appilo/css/mCSB_buttons.html]
[muntazim.coderatory.com/wp-content/themes/appilo/fonts/slick.html]
[muntazim.coderatory.com/wp-content/themes/appilo/fonts/slickd41d.html]
[muntazim.coderatory.com/wp-content/themes/appilo/fonts/slick-2.html]
[muntazim.coderatory.com/wp-content/themes/appilo/img/topapp/icons/preloader.svg]
[muntazim.coderatory.com/wp-content/themes/appilo/img/saas/pre.svg]
[muntazim.coderatory.com/wp-content/themes/appilo/img/appilo-seo/pre.svg]
[muntazim.coderatory.com/wp-content/themes/appilo/img/appilo-seo/cl.html]
[muntazim.coderatory.com/wp-content/themes/appilo/img/app-startup/pre.svg]
[muntazim.coderatory.com/wp-content/themes/appilo/img/appilo-landing/pre.svg]
[muntazim.coderatory.com/wp-content/themes/appilo/images/logo-m.html]
[muntazim.coderatory.com/wp-content/themes/appilo/img/cloud-hosting/pre.svg]
[muntazim.coderatory.com/wp-content/themes/appilo/img/hrm/pre.svg]
[muntazim.coderatory.com/wp-content/themes/appilo/img/crm/pre.svg]
[muntazim.coderatory.com/wp-content/themes/appilo/img/pre.html]
[muntazim.coderatory.com/wp-content/themes/appilo/img/software/pre.svg]
[muntazim.coderatory.com/wp-content/themes/appilo/img/cl.html]
[muntazim.coderatory.com/wp-content/themes/appilo/img/f-bg.html]
[muntazim.coderatory.com/wp-content/themes/appilo/images/icons/app-osaas-preloader.html]
[muntazim.coderatory.com/wp-content/themes/appilo/images/background/pattern-5.html]
[muntazim.coderatory.com/wp-content/themes/appilo/img/saas-classic/pre.svg]
[muntazim.coderatory.com/wp-content/themes/appilo/img/galaxy/app-landing/screenshot-slider/iphone-left-part.png]
[muntazim.coderatory.com/wp-content/themes/appilo/img/galaxy/app-landing/screenshot-slider/iphone-top-part.png]
[muntazim.coderatory.com/wp-content/themes/appilo/css/Circula-Medium.html]
[muntazim.coderatory.com/wp-content/themes/appilo/css/Circula-Medium-2.html]
[muntazim.coderatory.com/wp-content/themes/appilo/fonts/CircularStd-Book.html]
[muntazim.coderatory.com/wp-content/themes/appilo/img/app-showcase/pre.svg]
[muntazim.coderatory.com/wp-content/themes/appilo/img/digital-agency/pre.svg]
[muntazim.coderatory.com/wp-content/themes/appilo/images/arrow.html]
[muntazim.coderatory.com/wp-content/plugins/elementor/assets/lib/eicons/fonts/eiconsc387.svg]
[muntazim.coderatory.com/wp-content/plugins/elementor/assets/lib/font-awesome/webfonts/fa-regular-400.svg]
[muntazim.coderatory.com/wp-content/plugins/appilo-core/assets/flaticon1/Flaticon.svg]
[muntazim.coderatory.com/wp-content/themes/appilo/img/app-showcase/shape/s-shape5.png]
[muntazim.coderatory.com/wp-content/plugins/elementor/assets/lib/font-awesome/webfonts/fa-brands-400.svg]
[muntazim.coderatory.com/wp-content/themes/appilo/img/saas-classic/banner/abshape2.png]
[muntazim.coderatory.com/wp-content/plugins/elementor/assets/lib/font-awesome/webfonts/fa-solid-900.woff]
[muntazim.coderatory.com/wp-content/themes/appilo/fonts/CircularStd-Black.woff]
[muntazim.coderatory.com/wp-content/themes/appilo/fonts/CircularStd-Black.woff]
[muntazim.coderatory.com/wp-content/plugins/elementor/assets/lib/font-awesome/webfonts/fa-solid-900.svg]
[muntazim.coderatory.com/wp-content/plugins/elementor/assets/lib/font-awesome/webfonts/fa-solid-900.svg]
